// Jest Snapshot v1, https://goo.gl/fbAQLP

exports[`Login page tests Should render login page 1`] = `
<div>
  <div
    class="container login-container"
  >
    <div
      class="row justify-content-center h-100"
    >
      <div
        class="col-12 col-md-8 col-lg-6 col-xl-5 align-self-center"
      >
        <div
          class="container login-box py-4 px-4"
        >
          <div
            class="row"
          >
            <div
              class="col-12"
            >
              <h2>
                Belépés
              </h2>
              <p
                class="login-error"
              />
              <form
                class="my-4"
              >
                <div
                  class="form-control-container"
                >
                  <div
                    class="form-icon-container"
                  >
                    <i
                      class="fa-solid fa-at"
                    />
                    <div
                      class="tooltip-container"
                    >
                      <p>
                        Email
                        <br />
                         Mező kitöltése kötelező!
                      </p>
                    </div>
                  </div>
                  <input
                    class="form-control"
                    id="loginEmail"
                    placeholder="Email"
                    required=""
                    type="email"
                    value=""
                  />
                </div>
                <div
                  class="form-control-container"
                >
                  <div
                    class="form-icon-container"
                  >
                    <i
                      class="fa-solid fa-lock"
                    />
                    <div
                      class="tooltip-container"
                    >
                      <p>
                        Jelszó
                        <br />
                         Mező kitöltése kötelező!
                      </p>
                    </div>
                  </div>
                  <input
                    class="form-control"
                    id="loginPassword"
                    placeholder="Jelszó"
                    required=""
                    type="password"
                    value=""
                  />
                </div>
              </form>
            </div>
          </div>
          <div
            class="row"
          >
            <div
              class="col-12 mb-3 text-end redirect-to-registration"
            >
              <a
                href="/regisztracio"
              >
                <span>
                  Nincs még felhasználód? Regisztrálj!
                </span>
              </a>
            </div>
          </div>
          <div
            class="row"
          >
            <div
              class="col-6"
            >
              <a
                href="/"
              >
                <button
                  class="button secondary-button"
                >
                  Vissza
                </button>
              </a>
            </div>
            <div
              class="col-6"
            >
              <button
                class="button call-to-action-button"
              >
                Belépés
              </button>
            </div>
          </div>
        </div>
      </div>
    </div>
  </div>
</div>
`;
